QuestaSim vlog 10.6c Compiler 2017.07 Jul 25 2017
Start time: 13:00:27 on May 06,2025
vlog -l compile.log APB_2top.sv 
** Note: (vlog-2286) APB_2top.sv(1): Using implicit +incdir+/tools/mentor/questasim_10.6c/questasim/uvm-1.1d/../verilog_src/uvm-1.1d/src from import uvm_pkg
-- Compiling package APB_2top_sv_unit
-- Importing package mtiUvm.uvm_pkg (uvm-1.1d Built-in)
** Warning: APB_2sequence.sv(17): (vlog-2240) Treating stand-alone use of function 'randomize' as an implicit VOID cast.
-- Compiling interface APB_2interface
-- Compiling module master_bridge
-- Compiling module slave1
-- Compiling module slave2
-- Compiling module APB_Protocol
-- Compiling module top

Top level modules:
	top
End time: 13:00:28 on May 06,2025, Elapsed time: 0:00:01
Errors: 0, Warnings: 1
